// Vitest Snapshot v1, https://vitest.dev/guide/snapshot.html

exports[`MovieItem > should match snapshot 1`] = `
"<div data-v-a5f46965="" class="v-card v-theme--light v-card--density-default v-card--variant-elevated movie-item card-shadow" role="listitem">
  <!---->
  <div class="v-card__loader">
    <div class="v-progress-linear v-theme--light v-locale--is-ltr" style="top: 0px; height: 0px; --v-progress-linear-height: 2px;" role="progressbar" aria-hidden="true" aria-valuemin="0" aria-valuemax="100">
      <!---->
      <div class="v-progress-linear__background"></div>
      <div class="v-progress-linear__buffer" style="width: 0%;"></div>
      <transition-stub name="fade-transition" appear="false" persisted="false" css="true">
        <div class="v-progress-linear__indeterminate">
          <div class="v-progress-linear__indeterminate long"></div>
          <div class="v-progress-linear__indeterminate short"></div>
        </div>
      </transition-stub>
      <!---->
    </div>
  </div>
  <div class="v-card-item">
    <!---->
    <div class="v-card-item__content">
      <div class="v-card-title">
        <div data-v-a5f46965="" class="d-flex justify-space-between ga-2"><span data-v-a5f46965="" class="movie-item__title">One Piece</span><button data-v-a5f46965="" type="button" class="v-btn v-btn--icon v-theme--light v-btn--density-default v-btn--size-default v-btn--variant-text movie-item__icon" title="Star" data-cy="movie-item-icon" aria-describedby="v-tooltip-0"><span class="v-btn__overlay"></span><span class="v-btn__underlay"></span>
            <!----><span class="v-btn__content" data-no-activator=""><i class="mdi-star-outline mdi v-icon notranslate v-theme--light v-icon--size-default" aria-hidden="true"></i></span>
            <!---->
            <!---->
          </button>
          <!--teleport start-->
          <!--teleport end-->
        </div>
      </div>
      <div class="v-card-subtitle">
        <div data-v-a5f46965="" class="d-flex justify-space-between ga-2"><span data-v-a5f46965="" test-id="movie-item-year"> Year: <i data-v-a5f46965="">1999</i></span><span data-v-a5f46965="" test-id="movie-item-imdbid"> IMDb ID: <i data-v-a5f46965="">tt0388629</i></span></div>
      </div>
      <!---->
    </div>
    <!---->
  </div>
  <!---->
  <!---->
  <!---->
  <!----><span class="v-card__underlay"></span>
</div>"
`;
